// Jest Snapshot v1, https://goo.gl/fbAQLP

exports[`shell:  renders correctly 1`] = `"<div class=\\"makeStyles-container-1\\"><div class=\\"makeStyles-searchFieldContainer-3\\"><div class=\\"MuiFormControl-root MuiTextField-root makeStyles-textFieldRoot-4 makeStyles-searchField-2\\"><label class=\\"MuiFormLabel-root MuiInputLabel-root MuiInputLabel-formControl MuiInputLabel-animated MuiInputLabel-shrink MuiFormLabel-filled\\" data-shrink=\\"true\\" for=\\"queryString\\" id=\\"queryString-label\\">Search</label><div class=\\"MuiInputBase-root MuiInput-root MuiInput-underline makeStyles-input-5 MuiInputBase-formControl MuiInput-formControl\\"><input aria-invalid=\\"false\\" id=\\"queryString\\" type=\\"search\\" class=\\"MuiInputBase-input MuiInput-input MuiInputBase-inputTypeSearch MuiInput-inputTypeSearch\\" value=\\"test\\"></div></div></div><div>52</div><div>782</div><div>50</div><div>61</div><div>12</div><div>24</div><div>6640</div><div>14</div><div>72</div><div>7</div></div>"`;
